[groovy.bot/index.html]
[www.googletagmanager.com/gtm4c85.js]
[backblue.gif]
[fade.gif]
[index.html]
[groovy.bot/favicon.ico]
[groovy.bot/img/icons/apple-icon-57x57.png]
[groovy.bot/img/icons/apple-icon-60x60.png]
[groovy.bot/img/icons/apple-icon-72x72.png]
[groovy.bot/img/icons/apple-icon-76x76.png]
[groovy.bot/img/icons/apple-icon-114x114.png]
[groovy.bot/img/icons/apple-icon-120x120.png]
[groovy.bot/img/icons/apple-icon-144x144.png]
[groovy.bot/img/icons/apple-icon-152x152.png]
[groovy.bot/img/icons/apple-icon-180x180.png]
[groovy.bot/img/icons/android-icon-192x192.png]
[groovy.bot/img/icons/favicon-16x16.png]
[groovy.bot/img/icons/favicon-32x32.png]
[groovy.bot/img/icons/favicon-96x96.png]
[js.chargebee.com/v2/chargebee.js]
[groovy.bot/_nuxt/manifest.36cb24be.json]
[groovy.bot/_nuxt/9c413f779009897941f7.js]
[groovy.bot/_nuxt/78aeeb87ce4518c6f4e7.js]
[groovy.bot/_nuxt/546a97d7891bd1dc160c.js]
[groovy.bot/_nuxt/540337644840ff1675b0.js]
[groovy.bot/_nuxt/a6a7713a5512f1649a60.js]
[groovy.bot/_nuxt/fonts/94dac78.woff]
[groovy.bot/_nuxt/fonts/9feb011.woff2]
[groovy.bot/_nuxt/fonts/08cb8f7.woff]
[groovy.bot/_nuxt/fonts/f3a02e2.woff2]
[external.html]
[groovy.bot/img/backgrounds/horizontal.svg]
[groovy.bot/commands.html]
[groovy.bot/premium.html]
[groovy.bot/img/logos/rounded.svg]
[groovy.bot/team.html]
[groovy.bot/index.html]
[www.google.com/recaptcha/api3398.js]
[groovy.bot/portal/v2/index.html]
[groovy.bot/e.data.redirectUrl]
[js.chargebee.com/v2/chargebee.js]
[groovy.bot/img/backgrounds/horizontal.svg]
[djnf6e5yyirys.cloudfront.net/js/friendbuy.min.js]
[groovy.bot/_nuxt/f5c30fb2d33c035fb1f4.js]
[groovy.bot/img/backgrounds/vertical.svg]
[groovy.bot/commands.html]
[groovy.bot/_nuxt/afe37f7737c6e2759c6b.js]
[groovy.bot/premium.html]
[groovy.bot/img/logos/rounded.svg]
[groovy.bot/_nuxt/d7ce83967c4bbec96150.js]
[groovy.bot/img/avatars/rxsto.png]
[groovy.bot/img/avatars/nik.png]
[groovy.bot/img/avatars/ravy.png]
[groovy.bot/team.html]
[groovy.bot/portal/v2/index.html]
[groovy.bot/e.data.html]
[groovy.bot/img/backgrounds/groovybackground_grey3.gif]
[groovy.bot/img/backgrounds/vertical.svg]
[groovy.bot/img/logos/groovy_rounded.gif]
